{
  "Resources": {
    "SharedDACC02AA": {
      "Type": "AWS::Lambda::LayerVersion",
      "Properties": {
        "Content": {
          "S3Bucket": {
            "Ref": "AssetParametersbdefaf3eb78c5c0e534147face527d2531118eac87a95215ec839e7d002b9b9aS3BucketDC0CD06C"
          },
          "S3Key": {
            "Fn::Join": [
              "",
              [
                {
                  "Fn::Select": [
                    0,
                    {
                      "Fn::Split": [
                        "||",
                        {
                          "Ref": "AssetParametersbdefaf3eb78c5c0e534147face527d2531118eac87a95215ec839e7d002b9b9aS3VersionKey8D5C8F22"
                        }
                      ]
                    }
                  ]
                },
                {
                  "Fn::Select": [
                    1,
                    {
                      "Fn::Split": [
                        "||",
                        {
                          "Ref": "AssetParametersbdefaf3eb78c5c0e534147face527d2531118eac87a95215ec839e7d002b9b9aS3VersionKey8D5C8F22"
                        }
                      ]
                    }
                  ]
                }
              ]
            ]
          }
        },
        "CompatibleRuntimes": [
          "python3.6"
        ]
      }
    },
    "myhandlerServiceRole77891068": {
      "Type": "AWS::IAM::Role",
      "Properties": {
        "AssumeRolePolicyDocument": {
          "Statement": [
            {
              "Action": "sts:AssumeRole",
              "Effect": "Allow",
              "Principal": {
                "Service": "lambda.amazonaws.com"
              }
            }
          ],
          "Version": "2012-10-17"
        },
        "ManagedPolicyArns": [
          {
            "Fn::Join": [
              "",
              [
                "arn:",
                {
                  "Ref": "AWS::Partition"
                },
                ":iam::aws:policy/service-role/AWSLambdaBasicExecutionRole"
              ]
            ]
          }
        ]
      }
    },
    "myhandlerD202FA8E": {
      "Type": "AWS::Lambda::Function",
      "Properties": {
        "Code": {
          "S3Bucket": {
            "Ref": "AssetParameters771b66c34fa8839b080a5ddacd6b789dfe945c60ec021f903f0cd18c9426dc12S3BucketD3A824DE"
          },
          "S3Key": {
            "Fn::Join": [
              "",
              [
                {
                  "Fn::Select": [
                    0,
                    {
                      "Fn::Split": [
                        "||",
                        {
                          "Ref": "AssetParameters771b66c34fa8839b080a5ddacd6b789dfe945c60ec021f903f0cd18c9426dc12S3VersionKey19621826"
                        }
                      ]
                    }
                  ]
                },
                {
                  "Fn::Select": [
                    1,
                    {
                      "Fn::Split": [
                        "||",
                        {
                          "Ref": "AssetParameters771b66c34fa8839b080a5ddacd6b789dfe945c60ec021f903f0cd18c9426dc12S3VersionKey19621826"
                        }
                      ]
                    }
                  ]
                }
              ]
            ]
          }
        },
        "Role": {
          "Fn::GetAtt": [
            "myhandlerServiceRole77891068",
            "Arn"
          ]
        },
        "Handler": "index.handler",
        "Layers": [
          {
            "Ref": "SharedDACC02AA"
          }
        ],
        "Runtime": "python3.6"
      },
      "DependsOn": [
        "myhandlerServiceRole77891068"
      ]
    }
  },
  "Parameters": {
    "AssetParametersbdefaf3eb78c5c0e534147face527d2531118eac87a95215ec839e7d002b9b9aS3BucketDC0CD06C": {
      "Type": "String",
      "Description": "S3 bucket for asset \"bdefaf3eb78c5c0e534147face527d2531118eac87a95215ec839e7d002b9b9a\""
    },
    "AssetParametersbdefaf3eb78c5c0e534147face527d2531118eac87a95215ec839e7d002b9b9aS3VersionKey8D5C8F22": {
      "Type": "String",
      "Description": "S3 key for asset version \"bdefaf3eb78c5c0e534147face527d2531118eac87a95215ec839e7d002b9b9a\""
    },
    "AssetParametersbdefaf3eb78c5c0e534147face527d2531118eac87a95215ec839e7d002b9b9aArtifactHash0CC23B39": {
      "Type": "String",
      "Description": "Artifact hash for asset \"bdefaf3eb78c5c0e534147face527d2531118eac87a95215ec839e7d002b9b9a\""
    },
    "AssetParameters771b66c34fa8839b080a5ddacd6b789dfe945c60ec021f903f0cd18c9426dc12S3BucketD3A824DE": {
      "Type": "String",
      "Description": "S3 bucket for asset \"771b66c34fa8839b080a5ddacd6b789dfe945c60ec021f903f0cd18c9426dc12\""
    },
    "AssetParameters771b66c34fa8839b080a5ddacd6b789dfe945c60ec021f903f0cd18c9426dc12S3VersionKey19621826": {
      "Type": "String",
      "Description": "S3 key for asset version \"771b66c34fa8839b080a5ddacd6b789dfe945c60ec021f903f0cd18c9426dc12\""
    },
    "AssetParameters771b66c34fa8839b080a5ddacd6b789dfe945c60ec021f903f0cd18c9426dc12ArtifactHash1999AD64": {
      "Type": "String",
      "Description": "Artifact hash for asset \"771b66c34fa8839b080a5ddacd6b789dfe945c60ec021f903f0cd18c9426dc12\""
    }
  },
  "Outputs": {
    "FunctionArn": {
      "Value": {
        "Fn::GetAtt": [
          "myhandlerD202FA8E",
          "Arn"
        ]
      }
    }
  }
}