{
  "Resources": {
    "myhandlerServiceRole77891068": {
      "Type": "AWS::IAM::Role",
      "Properties": {
        "AssumeRolePolicyDocument": {
          "Statement": [
            {
              "Action": "sts:AssumeRole",
              "Effect": "Allow",
              "Principal": {
                "Service": "lambda.amazonaws.com"
              }
            }
          ],
          "Version": "2012-10-17"
        },
        "ManagedPolicyArns": [
          {
            "Fn::Join": [
              "",
              [
                "arn:",
                {
                  "Ref": "AWS::Partition"
                },
                ":iam::aws:policy/service-role/AWSLambdaBasicExecutionRole"
              ]
            ]
          }
        ]
      }
    },
    "myhandlerD202FA8E": {
      "Type": "AWS::Lambda::Function",
      "Properties": {
        "Code": {
          "S3Bucket": {
            "Ref": "AssetParameters00a28c1e9e9df5ad0651b763fa3fb46a1254ccbbb977838507fccd156b0bfdd2S3BucketCDDA1691"
          },
          "S3Key": {
            "Fn::Join": [
              "",
              [
                {
                  "Fn::Select": [
                    0,
                    {
                      "Fn::Split": [
                        "||",
                        {
                          "Ref": "AssetParameters00a28c1e9e9df5ad0651b763fa3fb46a1254ccbbb977838507fccd156b0bfdd2S3VersionKey65613A9A"
                        }
                      ]
                    }
                  ]
                },
                {
                  "Fn::Select": [
                    1,
                    {
                      "Fn::Split": [
                        "||",
                        {
                          "Ref": "AssetParameters00a28c1e9e9df5ad0651b763fa3fb46a1254ccbbb977838507fccd156b0bfdd2S3VersionKey65613A9A"
                        }
                      ]
                    }
                  ]
                }
              ]
            ]
          }
        },
        "Role": {
          "Fn::GetAtt": [
            "myhandlerServiceRole77891068",
            "Arn"
          ]
        },
        "Handler": "index.handler",
        "Runtime": "python3.8"
      },
      "DependsOn": [
        "myhandlerServiceRole77891068"
      ]
    }
  },
  "Parameters": {
    "AssetParameters00a28c1e9e9df5ad0651b763fa3fb46a1254ccbbb977838507fccd156b0bfdd2S3BucketCDDA1691": {
      "Type": "String",
      "Description": "S3 bucket for asset \"00a28c1e9e9df5ad0651b763fa3fb46a1254ccbbb977838507fccd156b0bfdd2\""
    },
    "AssetParameters00a28c1e9e9df5ad0651b763fa3fb46a1254ccbbb977838507fccd156b0bfdd2S3VersionKey65613A9A": {
      "Type": "String",
      "Description": "S3 key for asset version \"00a28c1e9e9df5ad0651b763fa3fb46a1254ccbbb977838507fccd156b0bfdd2\""
    },
    "AssetParameters00a28c1e9e9df5ad0651b763fa3fb46a1254ccbbb977838507fccd156b0bfdd2ArtifactHash1EED218F": {
      "Type": "String",
      "Description": "Artifact hash for asset \"00a28c1e9e9df5ad0651b763fa3fb46a1254ccbbb977838507fccd156b0bfdd2\""
    }
  },
  "Outputs": {
    "FunctionArn": {
      "Value": {
        "Fn::GetAtt": [
          "myhandlerD202FA8E",
          "Arn"
        ]
      }
    }
  }
}