{
  "Resources": {
    "myhandlerinlineServiceRole10C681F6": {
      "Type": "AWS::IAM::Role",
      "Properties": {
        "AssumeRolePolicyDocument": {
          "Statement": [
            {
              "Action": "sts:AssumeRole",
              "Effect": "Allow",
              "Principal": {
                "Service": "lambda.amazonaws.com"
              }
            }
          ],
          "Version": "2012-10-17"
        },
        "ManagedPolicyArns": [
          {
            "Fn::Join": [
              "",
              [
                "arn:",
                {
                  "Ref": "AWS::Partition"
                },
                ":iam::aws:policy/service-role/AWSLambdaBasicExecutionRole"
              ]
            ]
          }
        ]
      }
    },
    "myhandlerinline53D120C7": {
      "Type": "AWS::Lambda::Function",
      "Properties": {
        "Code": {
          "S3Bucket": {
            "Ref": "AssetParametersacd13e247cbbccbc76932c1ca67a79937008de70b9162840d93793dbb7a14fa9S3Bucket4DABA1C5"
          },
          "S3Key": {
            "Fn::Join": [
              "",
              [
                {
                  "Fn::Select": [
                    0,
                    {
                      "Fn::Split": [
                        "||",
                        {
                          "Ref": "AssetParametersacd13e247cbbccbc76932c1ca67a79937008de70b9162840d93793dbb7a14fa9S3VersionKey9F011EB5"
                        }
                      ]
                    }
                  ]
                },
                {
                  "Fn::Select": [
                    1,
                    {
                      "Fn::Split": [
                        "||",
                        {
                          "Ref": "AssetParametersacd13e247cbbccbc76932c1ca67a79937008de70b9162840d93793dbb7a14fa9S3VersionKey9F011EB5"
                        }
                      ]
                    }
                  ]
                }
              ]
            ]
          }
        },
        "Role": {
          "Fn::GetAtt": [
            "myhandlerinlineServiceRole10C681F6",
            "Arn"
          ]
        },
        "Handler": "index.handler",
        "Runtime": "python3.6"
      },
      "DependsOn": [
        "myhandlerinlineServiceRole10C681F6"
      ]
    },
    "myhandlerpython27ServiceRole2ED49C06": {
      "Type": "AWS::IAM::Role",
      "Properties": {
        "AssumeRolePolicyDocument": {
          "Statement": [
            {
              "Action": "sts:AssumeRole",
              "Effect": "Allow",
              "Principal": {
                "Service": "lambda.amazonaws.com"
              }
            }
          ],
          "Version": "2012-10-17"
        },
        "ManagedPolicyArns": [
          {
            "Fn::Join": [
              "",
              [
                "arn:",
                {
                  "Ref": "AWS::Partition"
                },
                ":iam::aws:policy/service-role/AWSLambdaBasicExecutionRole"
              ]
            ]
          }
        ]
      }
    },
    "myhandlerpython274D7465EA": {
      "Type": "AWS::Lambda::Function",
      "Properties": {
        "Code": {
          "S3Bucket": {
            "Ref": "AssetParametersa84be40cec7782d58185cb52b8b9c6774bfb62616da2ae910c897b22f835dd9bS3Bucket2E59B11C"
          },
          "S3Key": {
            "Fn::Join": [
              "",
              [
                {
                  "Fn::Select": [
                    0,
                    {
                      "Fn::Split": [
                        "||",
                        {
                          "Ref": "AssetParametersa84be40cec7782d58185cb52b8b9c6774bfb62616da2ae910c897b22f835dd9bS3VersionKey9C301B46"
                        }
                      ]
                    }
                  ]
                },
                {
                  "Fn::Select": [
                    1,
                    {
                      "Fn::Split": [
                        "||",
                        {
                          "Ref": "AssetParametersa84be40cec7782d58185cb52b8b9c6774bfb62616da2ae910c897b22f835dd9bS3VersionKey9C301B46"
                        }
                      ]
                    }
                  ]
                }
              ]
            ]
          }
        },
        "Role": {
          "Fn::GetAtt": [
            "myhandlerpython27ServiceRole2ED49C06",
            "Arn"
          ]
        },
        "Handler": "index.handler",
        "Runtime": "python2.7"
      },
      "DependsOn": [
        "myhandlerpython27ServiceRole2ED49C06"
      ]
    },
    "myhandlerpython38ServiceRole2049AFF7": {
      "Type": "AWS::IAM::Role",
      "Properties": {
        "AssumeRolePolicyDocument": {
          "Statement": [
            {
              "Action": "sts:AssumeRole",
              "Effect": "Allow",
              "Principal": {
                "Service": "lambda.amazonaws.com"
              }
            }
          ],
          "Version": "2012-10-17"
        },
        "ManagedPolicyArns": [
          {
            "Fn::Join": [
              "",
              [
                "arn:",
                {
                  "Ref": "AWS::Partition"
                },
                ":iam::aws:policy/service-role/AWSLambdaBasicExecutionRole"
              ]
            ]
          }
        ]
      }
    },
    "myhandlerpython384D62BBB5": {
      "Type": "AWS::Lambda::Function",
      "Properties": {
        "Code": {
          "S3Bucket": {
            "Ref": "AssetParametersaf6fb15e9f79a336cd75a8fb343021a8d465682a22a2fa7b1032d6aebdc062c7S3Bucket5F203E07"
          },
          "S3Key": {
            "Fn::Join": [
              "",
              [
                {
                  "Fn::Select": [
                    0,
                    {
                      "Fn::Split": [
                        "||",
                        {
                          "Ref": "AssetParametersaf6fb15e9f79a336cd75a8fb343021a8d465682a22a2fa7b1032d6aebdc062c7S3VersionKey1E1B70CF"
                        }
                      ]
                    }
                  ]
                },
                {
                  "Fn::Select": [
                    1,
                    {
                      "Fn::Split": [
                        "||",
                        {
                          "Ref": "AssetParametersaf6fb15e9f79a336cd75a8fb343021a8d465682a22a2fa7b1032d6aebdc062c7S3VersionKey1E1B70CF"
                        }
                      ]
                    }
                  ]
                }
              ]
            ]
          }
        },
        "Role": {
          "Fn::GetAtt": [
            "myhandlerpython38ServiceRole2049AFF7",
            "Arn"
          ]
        },
        "Handler": "index.handler",
        "Runtime": "python3.8"
      },
      "DependsOn": [
        "myhandlerpython38ServiceRole2049AFF7"
      ]
    }
  },
  "Parameters": {
    "AssetParametersacd13e247cbbccbc76932c1ca67a79937008de70b9162840d93793dbb7a14fa9S3Bucket4DABA1C5": {
      "Type": "String",
      "Description": "S3 bucket for asset \"acd13e247cbbccbc76932c1ca67a79937008de70b9162840d93793dbb7a14fa9\""
    },
    "AssetParametersacd13e247cbbccbc76932c1ca67a79937008de70b9162840d93793dbb7a14fa9S3VersionKey9F011EB5": {
      "Type": "String",
      "Description": "S3 key for asset version \"acd13e247cbbccbc76932c1ca67a79937008de70b9162840d93793dbb7a14fa9\""
    },
    "AssetParametersacd13e247cbbccbc76932c1ca67a79937008de70b9162840d93793dbb7a14fa9ArtifactHashA015B7B1": {
      "Type": "String",
      "Description": "Artifact hash for asset \"acd13e247cbbccbc76932c1ca67a79937008de70b9162840d93793dbb7a14fa9\""
    },
    "AssetParametersa84be40cec7782d58185cb52b8b9c6774bfb62616da2ae910c897b22f835dd9bS3Bucket2E59B11C": {
      "Type": "String",
      "Description": "S3 bucket for asset \"a84be40cec7782d58185cb52b8b9c6774bfb62616da2ae910c897b22f835dd9b\""
    },
    "AssetParametersa84be40cec7782d58185cb52b8b9c6774bfb62616da2ae910c897b22f835dd9bS3VersionKey9C301B46": {
      "Type": "String",
      "Description": "S3 key for asset version \"a84be40cec7782d58185cb52b8b9c6774bfb62616da2ae910c897b22f835dd9b\""
    },
    "AssetParametersa84be40cec7782d58185cb52b8b9c6774bfb62616da2ae910c897b22f835dd9bArtifactHash83B1E10E": {
      "Type": "String",
      "Description": "Artifact hash for asset \"a84be40cec7782d58185cb52b8b9c6774bfb62616da2ae910c897b22f835dd9b\""
    },
    "AssetParametersaf6fb15e9f79a336cd75a8fb343021a8d465682a22a2fa7b1032d6aebdc062c7S3Bucket5F203E07": {
      "Type": "String",
      "Description": "S3 bucket for asset \"af6fb15e9f79a336cd75a8fb343021a8d465682a22a2fa7b1032d6aebdc062c7\""
    },
    "AssetParametersaf6fb15e9f79a336cd75a8fb343021a8d465682a22a2fa7b1032d6aebdc062c7S3VersionKey1E1B70CF": {
      "Type": "String",
      "Description": "S3 key for asset version \"af6fb15e9f79a336cd75a8fb343021a8d465682a22a2fa7b1032d6aebdc062c7\""
    },
    "AssetParametersaf6fb15e9f79a336cd75a8fb343021a8d465682a22a2fa7b1032d6aebdc062c7ArtifactHash892B22BE": {
      "Type": "String",
      "Description": "Artifact hash for asset \"af6fb15e9f79a336cd75a8fb343021a8d465682a22a2fa7b1032d6aebdc062c7\""
    }
  },
  "Outputs": {
    "InlineFunctionName": {
      "Value": {
        "Ref": "myhandlerinline53D120C7"
      }
    },
    "Python27FunctionName": {
      "Value": {
        "Ref": "myhandlerpython274D7465EA"
      }
    },
    "Python38FunctionName": {
      "Value": {
        "Ref": "myhandlerpython384D62BBB5"
      }
    }
  }
}