{
  "Resources": {
    "functionServiceRoleEF216095": {
      "Type": "AWS::IAM::Role",
      "Properties": {
        "AssumeRolePolicyDocument": {
          "Statement": [
            {
              "Action": "sts:AssumeRole",
              "Effect": "Allow",
              "Principal": {
                "Service": "lambda.amazonaws.com"
              }
            }
          ],
          "Version": "2012-10-17"
        },
        "ManagedPolicyArns": [
          {
            "Fn::Join": [
              "",
              [
                "arn:",
                {
                  "Ref": "AWS::Partition"
                },
                ":iam::aws:policy/service-role/AWSLambdaBasicExecutionRole"
              ]
            ]
          }
        ]
      }
    },
    "functionF19B1A04": {
      "Type": "AWS::Lambda::Function",
      "Properties": {
        "Code": {
          "S3Bucket": {
            "Ref": "AssetParametersf71cd482e809adf27b296b1a6c4ec6373255e740474a8ea2fc0a1a3c4745bb26S3Bucket4A702840"
          },
          "S3Key": {
            "Fn::Join": [
              "",
              [
                {
                  "Fn::Select": [
                    0,
                    {
                      "Fn::Split": [
                        "||",
                        {
                          "Ref": "AssetParametersf71cd482e809adf27b296b1a6c4ec6373255e740474a8ea2fc0a1a3c4745bb26S3VersionKeyB566B469"
                        }
                      ]
                    }
                  ]
                },
                {
                  "Fn::Select": [
                    1,
                    {
                      "Fn::Split": [
                        "||",
                        {
                          "Ref": "AssetParametersf71cd482e809adf27b296b1a6c4ec6373255e740474a8ea2fc0a1a3c4745bb26S3VersionKeyB566B469"
                        }
                      ]
                    }
                  ]
                }
              ]
            ]
          }
        },
        "Role": {
          "Fn::GetAtt": [
            "functionServiceRoleEF216095",
            "Arn"
          ]
        },
        "Handler": "index.handler",
        "Runtime": "python2.7"
      },
      "DependsOn": [
        "functionServiceRoleEF216095"
      ]
    }
  },
  "Parameters": {
    "AssetParametersf71cd482e809adf27b296b1a6c4ec6373255e740474a8ea2fc0a1a3c4745bb26S3Bucket4A702840": {
      "Type": "String",
      "Description": "S3 bucket for asset \"f71cd482e809adf27b296b1a6c4ec6373255e740474a8ea2fc0a1a3c4745bb26\""
    },
    "AssetParametersf71cd482e809adf27b296b1a6c4ec6373255e740474a8ea2fc0a1a3c4745bb26S3VersionKeyB566B469": {
      "Type": "String",
      "Description": "S3 key for asset version \"f71cd482e809adf27b296b1a6c4ec6373255e740474a8ea2fc0a1a3c4745bb26\""
    },
    "AssetParametersf71cd482e809adf27b296b1a6c4ec6373255e740474a8ea2fc0a1a3c4745bb26ArtifactHashD1B68CBD": {
      "Type": "String",
      "Description": "Artifact hash for asset \"f71cd482e809adf27b296b1a6c4ec6373255e740474a8ea2fc0a1a3c4745bb26\""
    }
  },
  "Outputs": {
    "Function": {
      "Value": {
        "Ref": "functionF19B1A04"
      }
    }
  }
}