{
  "Resources": {
    "myhandlerinlineServiceRole10C681F6": {
      "Type": "AWS::IAM::Role",
      "Properties": {
        "AssumeRolePolicyDocument": {
          "Statement": [
            {
              "Action": "sts:AssumeRole",
              "Effect": "Allow",
              "Principal": {
                "Service": "lambda.amazonaws.com"
              }
            }
          ],
          "Version": "2012-10-17"
        },
        "ManagedPolicyArns": [
          {
            "Fn::Join": [
              "",
              [
                "arn:",
                {
                  "Ref": "AWS::Partition"
                },
                ":iam::aws:policy/service-role/AWSLambdaBasicExecutionRole"
              ]
            ]
          }
        ]
      }
    },
    "myhandlerinline53D120C7": {
      "Type": "AWS::Lambda::Function",
      "Properties": {
        "Code": {
          "S3Bucket": {
            "Ref": "AssetParameters7ce3c07d0472588786467c436de4fb6be7d5a397831809f676b8ab5e63556fd4S3BucketA3E8EBA1"
          },
          "S3Key": {
            "Fn::Join": [
              "",
              [
                {
                  "Fn::Select": [
                    0,
                    {
                      "Fn::Split": [
                        "||",
                        {
                          "Ref": "AssetParameters7ce3c07d0472588786467c436de4fb6be7d5a397831809f676b8ab5e63556fd4S3VersionKey0907781F"
                        }
                      ]
                    }
                  ]
                },
                {
                  "Fn::Select": [
                    1,
                    {
                      "Fn::Split": [
                        "||",
                        {
                          "Ref": "AssetParameters7ce3c07d0472588786467c436de4fb6be7d5a397831809f676b8ab5e63556fd4S3VersionKey0907781F"
                        }
                      ]
                    }
                  ]
                }
              ]
            ]
          }
        },
        "Role": {
          "Fn::GetAtt": [
            "myhandlerinlineServiceRole10C681F6",
            "Arn"
          ]
        },
        "Handler": "index.handler",
        "Runtime": "python3.6"
      },
      "DependsOn": [
        "myhandlerinlineServiceRole10C681F6"
      ]
    },
    "myhandlerpython27ServiceRole2ED49C06": {
      "Type": "AWS::IAM::Role",
      "Properties": {
        "AssumeRolePolicyDocument": {
          "Statement": [
            {
              "Action": "sts:AssumeRole",
              "Effect": "Allow",
              "Principal": {
                "Service": "lambda.amazonaws.com"
              }
            }
          ],
          "Version": "2012-10-17"
        },
        "ManagedPolicyArns": [
          {
            "Fn::Join": [
              "",
              [
                "arn:",
                {
                  "Ref": "AWS::Partition"
                },
                ":iam::aws:policy/service-role/AWSLambdaBasicExecutionRole"
              ]
            ]
          }
        ]
      }
    },
    "myhandlerpython274D7465EA": {
      "Type": "AWS::Lambda::Function",
      "Properties": {
        "Code": {
          "S3Bucket": {
            "Ref": "AssetParameters9b23e36650c4fc32f8f632a0c9d952d31e604865d71f026dc40692df112fb743S3Bucket4EF476C4"
          },
          "S3Key": {
            "Fn::Join": [
              "",
              [
                {
                  "Fn::Select": [
                    0,
                    {
                      "Fn::Split": [
                        "||",
                        {
                          "Ref": "AssetParameters9b23e36650c4fc32f8f632a0c9d952d31e604865d71f026dc40692df112fb743S3VersionKey5F43AD39"
                        }
                      ]
                    }
                  ]
                },
                {
                  "Fn::Select": [
                    1,
                    {
                      "Fn::Split": [
                        "||",
                        {
                          "Ref": "AssetParameters9b23e36650c4fc32f8f632a0c9d952d31e604865d71f026dc40692df112fb743S3VersionKey5F43AD39"
                        }
                      ]
                    }
                  ]
                }
              ]
            ]
          }
        },
        "Role": {
          "Fn::GetAtt": [
            "myhandlerpython27ServiceRole2ED49C06",
            "Arn"
          ]
        },
        "Handler": "index.handler",
        "Runtime": "python2.7"
      },
      "DependsOn": [
        "myhandlerpython27ServiceRole2ED49C06"
      ]
    },
    "myhandlerpython38ServiceRole2049AFF7": {
      "Type": "AWS::IAM::Role",
      "Properties": {
        "AssumeRolePolicyDocument": {
          "Statement": [
            {
              "Action": "sts:AssumeRole",
              "Effect": "Allow",
              "Principal": {
                "Service": "lambda.amazonaws.com"
              }
            }
          ],
          "Version": "2012-10-17"
        },
        "ManagedPolicyArns": [
          {
            "Fn::Join": [
              "",
              [
                "arn:",
                {
                  "Ref": "AWS::Partition"
                },
                ":iam::aws:policy/service-role/AWSLambdaBasicExecutionRole"
              ]
            ]
          }
        ]
      }
    },
    "myhandlerpython384D62BBB5": {
      "Type": "AWS::Lambda::Function",
      "Properties": {
        "Code": {
          "S3Bucket": {
            "Ref": "AssetParameters3c758b02f050a0b95282c1bb4a081efa4ef0ae7054dec28c23ab50b5c6fb0a75S3Bucket252C89F4"
          },
          "S3Key": {
            "Fn::Join": [
              "",
              [
                {
                  "Fn::Select": [
                    0,
                    {
                      "Fn::Split": [
                        "||",
                        {
                          "Ref": "AssetParameters3c758b02f050a0b95282c1bb4a081efa4ef0ae7054dec28c23ab50b5c6fb0a75S3VersionKeyC82C6D6B"
                        }
                      ]
                    }
                  ]
                },
                {
                  "Fn::Select": [
                    1,
                    {
                      "Fn::Split": [
                        "||",
                        {
                          "Ref": "AssetParameters3c758b02f050a0b95282c1bb4a081efa4ef0ae7054dec28c23ab50b5c6fb0a75S3VersionKeyC82C6D6B"
                        }
                      ]
                    }
                  ]
                }
              ]
            ]
          }
        },
        "Role": {
          "Fn::GetAtt": [
            "myhandlerpython38ServiceRole2049AFF7",
            "Arn"
          ]
        },
        "Handler": "index.handler",
        "Runtime": "python3.8"
      },
      "DependsOn": [
        "myhandlerpython38ServiceRole2049AFF7"
      ]
    }
  },
  "Parameters": {
    "AssetParameters7ce3c07d0472588786467c436de4fb6be7d5a397831809f676b8ab5e63556fd4S3BucketA3E8EBA1": {
      "Type": "String",
      "Description": "S3 bucket for asset \"7ce3c07d0472588786467c436de4fb6be7d5a397831809f676b8ab5e63556fd4\""
    },
    "AssetParameters7ce3c07d0472588786467c436de4fb6be7d5a397831809f676b8ab5e63556fd4S3VersionKey0907781F": {
      "Type": "String",
      "Description": "S3 key for asset version \"7ce3c07d0472588786467c436de4fb6be7d5a397831809f676b8ab5e63556fd4\""
    },
    "AssetParameters7ce3c07d0472588786467c436de4fb6be7d5a397831809f676b8ab5e63556fd4ArtifactHashA74EACA2": {
      "Type": "String",
      "Description": "Artifact hash for asset \"7ce3c07d0472588786467c436de4fb6be7d5a397831809f676b8ab5e63556fd4\""
    },
    "AssetParameters9b23e36650c4fc32f8f632a0c9d952d31e604865d71f026dc40692df112fb743S3Bucket4EF476C4": {
      "Type": "String",
      "Description": "S3 bucket for asset \"9b23e36650c4fc32f8f632a0c9d952d31e604865d71f026dc40692df112fb743\""
    },
    "AssetParameters9b23e36650c4fc32f8f632a0c9d952d31e604865d71f026dc40692df112fb743S3VersionKey5F43AD39": {
      "Type": "String",
      "Description": "S3 key for asset version \"9b23e36650c4fc32f8f632a0c9d952d31e604865d71f026dc40692df112fb743\""
    },
    "AssetParameters9b23e36650c4fc32f8f632a0c9d952d31e604865d71f026dc40692df112fb743ArtifactHashF216A82F": {
      "Type": "String",
      "Description": "Artifact hash for asset \"9b23e36650c4fc32f8f632a0c9d952d31e604865d71f026dc40692df112fb743\""
    },
    "AssetParameters3c758b02f050a0b95282c1bb4a081efa4ef0ae7054dec28c23ab50b5c6fb0a75S3Bucket252C89F4": {
      "Type": "String",
      "Description": "S3 bucket for asset \"3c758b02f050a0b95282c1bb4a081efa4ef0ae7054dec28c23ab50b5c6fb0a75\""
    },
    "AssetParameters3c758b02f050a0b95282c1bb4a081efa4ef0ae7054dec28c23ab50b5c6fb0a75S3VersionKeyC82C6D6B": {
      "Type": "String",
      "Description": "S3 key for asset version \"3c758b02f050a0b95282c1bb4a081efa4ef0ae7054dec28c23ab50b5c6fb0a75\""
    },
    "AssetParameters3c758b02f050a0b95282c1bb4a081efa4ef0ae7054dec28c23ab50b5c6fb0a75ArtifactHashBFCAE690": {
      "Type": "String",
      "Description": "Artifact hash for asset \"3c758b02f050a0b95282c1bb4a081efa4ef0ae7054dec28c23ab50b5c6fb0a75\""
    }
  },
  "Outputs": {
    "InlineFunctionName": {
      "Value": {
        "Ref": "myhandlerinline53D120C7"
      }
    },
    "Python27FunctionName": {
      "Value": {
        "Ref": "myhandlerpython274D7465EA"
      }
    },
    "Python38FunctionName": {
      "Value": {
        "Ref": "myhandlerpython384D62BBB5"
      }
    }
  }
}