{
  "Resources": {
    "myhandlerServiceRole77891068": {
      "Type": "AWS::IAM::Role",
      "Properties": {
        "AssumeRolePolicyDocument": {
          "Statement": [
            {
              "Action": "sts:AssumeRole",
              "Effect": "Allow",
              "Principal": {
                "Service": "lambda.amazonaws.com"
              }
            }
          ],
          "Version": "2012-10-17"
        },
        "ManagedPolicyArns": [
          {
            "Fn::Join": [
              "",
              [
                "arn:",
                {
                  "Ref": "AWS::Partition"
                },
                ":iam::aws:policy/service-role/AWSLambdaBasicExecutionRole"
              ]
            ]
          }
        ]
      }
    },
    "myhandlerD202FA8E": {
      "Type": "AWS::Lambda::Function",
      "Properties": {
        "Code": {
          "S3Bucket": {
            "Ref": "AssetParametersed5616d1abebc600ce62f84a44dd1516b397ab3a0aca2ecb055f66099c5ab83dS3BucketA91ECDDD"
          },
          "S3Key": {
            "Fn::Join": [
              "",
              [
                {
                  "Fn::Select": [
                    0,
                    {
                      "Fn::Split": [
                        "||",
                        {
                          "Ref": "AssetParametersed5616d1abebc600ce62f84a44dd1516b397ab3a0aca2ecb055f66099c5ab83dS3VersionKey1C8E9E07"
                        }
                      ]
                    }
                  ]
                },
                {
                  "Fn::Select": [
                    1,
                    {
                      "Fn::Split": [
                        "||",
                        {
                          "Ref": "AssetParametersed5616d1abebc600ce62f84a44dd1516b397ab3a0aca2ecb055f66099c5ab83dS3VersionKey1C8E9E07"
                        }
                      ]
                    }
                  ]
                }
              ]
            ]
          }
        },
        "Role": {
          "Fn::GetAtt": [
            "myhandlerServiceRole77891068",
            "Arn"
          ]
        },
        "Handler": "index.handler",
        "Runtime": "python3.6"
      },
      "DependsOn": [
        "myhandlerServiceRole77891068"
      ]
    }
  },
  "Parameters": {
    "AssetParametersed5616d1abebc600ce62f84a44dd1516b397ab3a0aca2ecb055f66099c5ab83dS3BucketA91ECDDD": {
      "Type": "String",
      "Description": "S3 bucket for asset \"ed5616d1abebc600ce62f84a44dd1516b397ab3a0aca2ecb055f66099c5ab83d\""
    },
    "AssetParametersed5616d1abebc600ce62f84a44dd1516b397ab3a0aca2ecb055f66099c5ab83dS3VersionKey1C8E9E07": {
      "Type": "String",
      "Description": "S3 key for asset version \"ed5616d1abebc600ce62f84a44dd1516b397ab3a0aca2ecb055f66099c5ab83d\""
    },
    "AssetParametersed5616d1abebc600ce62f84a44dd1516b397ab3a0aca2ecb055f66099c5ab83dArtifactHashA06A8B3C": {
      "Type": "String",
      "Description": "Artifact hash for asset \"ed5616d1abebc600ce62f84a44dd1516b397ab3a0aca2ecb055f66099c5ab83d\""
    }
  },
  "Outputs": {
    "FunctionArn": {
      "Value": {
        "Fn::GetAtt": [
          "myhandlerD202FA8E",
          "Arn"
        ]
      }
    }
  }
}